------------------------------------------------------------
TimeQuest Timing Analyzer Summary
------------------------------------------------------------

Type  : Slow 1200mV 85C Model Setup 'clk25M'
Slack : -6.026
TNS   : -218.759

Type  : Slow 1200mV 85C Model Setup 'clk00_5s'
Slack : -5.208
TNS   : -73.034

Type  : Slow 1200mV 85C Model Setup 'clk'
Slack : -3.617
TNS   : -73.992

Type  : Slow 1200mV 85C Model Setup 'clk0_1s'
Slack : -3.398
TNS   : -3.398

Type  : Slow 1200mV 85C Model Hold 'clk00_5s'
Slack : -0.512
TNS   : -0.512

Type  : Slow 1200mV 85C Model Hold 'clk'
Slack : -0.140
TNS   : -0.263

Type  : Slow 1200mV 85C Model Hold 'clk25M'
Slack : 0.040
TNS   : 0.000

Type  : Slow 1200mV 85C Model Hold 'clk0_1s'
Slack : 0.445
TNS   : 0.000

Type  : Slow 1200mV 85C Model Minimum Pulse Width 'clk'
Slack : -3.000
TNS   : -38.980

Type  : Slow 1200mV 85C Model Minimum Pulse Width 'clk25M'
Slack : -1.285
TNS   : -80.955

Type  : Slow 1200mV 85C Model Minimum Pulse Width 'clk00_5s'
Slack : -1.285
TNS   : -38.550

Type  : Slow 1200mV 85C Model Minimum Pulse Width 'clk0_1s'
Slack : -1.285
TNS   : -1.285

Type  : Slow 1200mV 0C Model Setup 'clk25M'
Slack : -5.359
TNS   : -192.841

Type  : Slow 1200mV 0C Model Setup 'clk00_5s'
Slack : -4.592
TNS   : -64.040

Type  : Slow 1200mV 0C Model Setup 'clk'
Slack : -3.188
TNS   : -66.280

Type  : Slow 1200mV 0C Model Setup 'clk0_1s'
Slack : -3.008
TNS   : -3.008

Type  : Slow 1200mV 0C Model Hold 'clk00_5s'
Slack : -0.419
TNS   : -0.419

Type  : Slow 1200mV 0C Model Hold 'clk'
Slack : -0.128
TNS   : -0.174

Type  : Slow 1200mV 0C Model Hold 'clk25M'
Slack : 0.086
TNS   : 0.000

Type  : Slow 1200mV 0C Model Hold 'clk0_1s'
Slack : 0.398
TNS   : 0.000

Type  : Slow 1200mV 0C Model Minimum Pulse Width 'clk'
Slack : -3.000
TNS   : -38.980

Type  : Slow 1200mV 0C Model Minimum Pulse Width 'clk25M'
Slack : -1.285
TNS   : -80.955

Type  : Slow 1200mV 0C Model Minimum Pulse Width 'clk00_5s'
Slack : -1.285
TNS   : -38.550

Type  : Slow 1200mV 0C Model Minimum Pulse Width 'clk0_1s'
Slack : -1.285
TNS   : -1.285

Type  : Fast 1200mV 0C Model Setup 'clk25M'
Slack : -2.431
TNS   : -73.962

Type  : Fast 1200mV 0C Model Setup 'clk00_5s'
Slack : -2.006
TNS   : -20.105

Type  : Fast 1200mV 0C Model Setup 'clk0_1s'
Slack : -1.234
TNS   : -1.234

Type  : Fast 1200mV 0C Model Setup 'clk'
Slack : -1.213
TNS   : -22.550

Type  : Fast 1200mV 0C Model Hold 'clk00_5s'
Slack : -0.282
TNS   : -0.282

Type  : Fast 1200mV 0C Model Hold 'clk'
Slack : -0.235
TNS   : -0.434

Type  : Fast 1200mV 0C Model Hold 'clk25M'
Slack : -0.150
TNS   : -0.229

Type  : Fast 1200mV 0C Model Hold 'clk0_1s'
Slack : 0.208
TNS   : 0.000

Type  : Fast 1200mV 0C Model Minimum Pulse Width 'clk'
Slack : -3.000
TNS   : -33.122

Type  : Fast 1200mV 0C Model Minimum Pulse Width 'clk25M'
Slack : -1.000
TNS   : -63.000

Type  : Fast 1200mV 0C Model Minimum Pulse Width 'clk00_5s'
Slack : -1.000
TNS   : -30.000

Type  : Fast 1200mV 0C Model Minimum Pulse Width 'clk0_1s'
Slack : -1.000
TNS   : -1.000

------------------------------------------------------------
