------------------------------------------------------------
TimeQuest Timing Analyzer Summary
------------------------------------------------------------

Type  : Slow 1200mV 85C Model Setup 'clk25M'
Slack : -7.590
TNS   : -238.811

Type  : Slow 1200mV 85C Model Setup 'clk00_5s'
Slack : -5.320
TNS   : -75.905

Type  : Slow 1200mV 85C Model Setup 'clk'
Slack : -3.874
TNS   : -75.600

Type  : Slow 1200mV 85C Model Setup 'clk0_1s'
Slack : -3.379
TNS   : -3.379

Type  : Slow 1200mV 85C Model Hold 'clk00_5s'
Slack : -0.274
TNS   : -0.274

Type  : Slow 1200mV 85C Model Hold 'clk'
Slack : -0.176
TNS   : -0.176

Type  : Slow 1200mV 85C Model Hold 'clk25M'
Slack : -0.097
TNS   : -0.097

Type  : Slow 1200mV 85C Model Hold 'clk0_1s'
Slack : 0.445
TNS   : 0.000

Type  : Slow 1200mV 85C Model Minimum Pulse Width 'clk'
Slack : -3.000
TNS   : -38.980

Type  : Slow 1200mV 85C Model Minimum Pulse Width 'clk25M'
Slack : -1.285
TNS   : -84.810

Type  : Slow 1200mV 85C Model Minimum Pulse Width 'clk00_5s'
Slack : -1.285
TNS   : -38.550

Type  : Slow 1200mV 85C Model Minimum Pulse Width 'clk0_1s'
Slack : -1.285
TNS   : -1.285

Type  : Slow 1200mV 0C Model Setup 'clk25M'
Slack : -6.836
TNS   : -211.933

Type  : Slow 1200mV 0C Model Setup 'clk00_5s'
Slack : -4.716
TNS   : -66.071

Type  : Slow 1200mV 0C Model Setup 'clk'
Slack : -3.398
TNS   : -67.275

Type  : Slow 1200mV 0C Model Setup 'clk0_1s'
Slack : -2.992
TNS   : -2.992

Type  : Slow 1200mV 0C Model Hold 'clk00_5s'
Slack : -0.222
TNS   : -0.222

Type  : Slow 1200mV 0C Model Hold 'clk'
Slack : -0.145
TNS   : -0.145

Type  : Slow 1200mV 0C Model Hold 'clk25M'
Slack : -0.014
TNS   : -0.014

Type  : Slow 1200mV 0C Model Hold 'clk0_1s'
Slack : 0.398
TNS   : 0.000

Type  : Slow 1200mV 0C Model Minimum Pulse Width 'clk'
Slack : -3.000
TNS   : -38.980

Type  : Slow 1200mV 0C Model Minimum Pulse Width 'clk25M'
Slack : -1.285
TNS   : -84.810

Type  : Slow 1200mV 0C Model Minimum Pulse Width 'clk00_5s'
Slack : -1.285
TNS   : -38.550

Type  : Slow 1200mV 0C Model Minimum Pulse Width 'clk0_1s'
Slack : -1.285
TNS   : -1.285

Type  : Fast 1200mV 0C Model Setup 'clk25M'
Slack : -3.136
TNS   : -81.744

Type  : Fast 1200mV 0C Model Setup 'clk00_5s'
Slack : -2.035
TNS   : -21.694

Type  : Fast 1200mV 0C Model Setup 'clk'
Slack : -1.403
TNS   : -22.979

Type  : Fast 1200mV 0C Model Setup 'clk0_1s'
Slack : -1.219
TNS   : -1.219

Type  : Fast 1200mV 0C Model Hold 'clk25M'
Slack : -0.218
TNS   : -0.218

Type  : Fast 1200mV 0C Model Hold 'clk'
Slack : -0.201
TNS   : -0.351

Type  : Fast 1200mV 0C Model Hold 'clk00_5s'
Slack : -0.172
TNS   : -0.172

Type  : Fast 1200mV 0C Model Hold 'clk0_1s'
Slack : 0.208
TNS   : 0.000

Type  : Fast 1200mV 0C Model Minimum Pulse Width 'clk'
Slack : -3.000
TNS   : -33.157

Type  : Fast 1200mV 0C Model Minimum Pulse Width 'clk25M'
Slack : -1.000
TNS   : -66.000

Type  : Fast 1200mV 0C Model Minimum Pulse Width 'clk00_5s'
Slack : -1.000
TNS   : -30.000

Type  : Fast 1200mV 0C Model Minimum Pulse Width 'clk0_1s'
Slack : -1.000
TNS   : -1.000

------------------------------------------------------------
